[2026-04-25 10:20:47,621: INFO: main: Welcome to ML Batch P logs]
[2026-04-25 10:31:21,606: INFO: common: YAML file config\config.yaml loaded successfully]
[2026-04-25 10:38:09,107: INFO: common: YAML file config\config.yaml loaded successfully]
[2026-04-25 10:39:08,980: INFO: common: YAML file config\config.yaml loaded successfully]
[2026-04-25 10:39:08,984: INFO: common: YAML file params.yaml loaded successfully]
[2026-04-25 10:39:08,986: INFO: common: created directory at: artifacts]
[2026-04-25 10:39:08,987: INFO: common: created directory at: artifacts/data_ingestion]
[2026-04-25 10:39:16,363: INFO: 4037744573: artifacts/data_ingestion/data.zip download! with following info: 
Connection: close
Content-Length: 11616915
Cache-Control: max-age=300
Content-Security-Policy: default-src 'none'; style-src 'unsafe-inline'; sandbox
Content-Type: application/zip
ETag: "adf745abc03891fe493c3be264ec012691fe3fa21d861f35a27edbe6d86a76b1"
Strict-Transport-Security: max-age=31536000
X-Content-Type-Options: nosniff
X-Frame-Options: deny
X-XSS-Protection: 1; mode=block
X-GitHub-Request-Id: F2AA:E1276:90F94E:A9ADCE:69EC4C76
Accept-Ranges: bytes
Date: Sat, 25 Apr 2026 05:09:13 GMT
Via: 1.1 varnish
X-Served-By: cache-del-vibw2260036-DEL
X-Cache: MISS
X-Cache-Hits: 0
X-Timer: S1777093750.880382,VS0,VE3537
Vary: Authorization,Accept-Encoding
Access-Control-Allow-Origin: *
Cross-Origin-Resource-Policy: cross-origin
X-Fastly-Request-ID: 6b5f349c52a5fe6adbd455aa2fa650539111fc79
Expires: Sat, 25 Apr 2026 05:14:13 GMT
Source-Age: 2

]
[2026-04-25 10:55:30,104: INFO: main: >>>>>> Data Ingestion Stage started <<<<<<]
[2026-04-25 10:55:30,150: INFO: common: YAML file config\config.yaml loaded successfully]
[2026-04-25 10:55:30,151: INFO: common: YAML file params.yaml loaded successfully]
[2026-04-25 10:55:30,151: INFO: common: created directory at: artifacts]
[2026-04-25 10:55:30,153: INFO: common: created directory at: artifacts/data_ingestion]
[2026-04-25 10:55:30,153: INFO: data_ingestion: File already exists of size: ~ 11345 KB]
[2026-04-25 10:55:30,397: INFO: main: >>>>>> Data Ingestion Stage completed <<<<<<

x==========x]
